Traceback (most recent call last):
  File "D:\Projects\Python\LearningPython1\main.py", line 96, in <module>
    my_matrix.next()
  File "D:\Projects\Python\LearningPython1\main.py", line 23, in next
    min_variant = self.matrix[i][self.stage] + self.matrix[self.stage][j]
IndexError: list index out of range
